2015-10-09 14:08:07,058 - mylogger - INFO - foorbar
